[goldengateinvestments.net/index.html]
[goldengateinvestments.net/assets/images/Logo.png]
[backblue.gif]
[fade.gif]
[index.html]
[goldengateinvestments.net/assets/web/assets/mobirise-icons2/mobirise2.css]
[goldengateinvestments.net/assets/bootstrap/css/bootstrap.min.css]
[goldengateinvestments.net/assets/bootstrap/css/bootstrap-grid.min.css]
[goldengateinvestments.net/assets/bootstrap/css/bootstrap-reboot.min.css]
[goldengateinvestments.net/assets/animatecss/animate.css]
[goldengateinvestments.net/assets/dropdown/css/style.css]
[goldengateinvestments.net/assets/socicon/css/styles.css]
[goldengateinvestments.net/assets/theme/css/style.css]
[goldengateinvestments.net/assets/gallery/style.css]
[goldengateinvestments.net/assets/mobirise/css/mbr-additional.css]
[goldengateinvestments.net/assets/images/arkblack.png]
[goldengateinvestments.net/assets/images/peakpx-1-2-2576x1449.jpg]
[goldengateinvestments.net/assets/images/pexels-anna-nekrashevich-6801681-816x533.jpg]
[goldengateinvestments.net/assets/images/pexels-anna-nekrashevich-68020521-816x829.jpg]
[goldengateinvestments.net/assets/images/pexels-artem-podrez-5716025-816x459.jpg]
[goldengateinvestments.net/assets/images/sample1-442x543.png]
[goldengateinvestments.net/assets/images/sample3-478x628.png]
[goldengateinvestments.net/assets/images/sampl2-483x613.png]
[goldengateinvestments.net/assets/images/sample4-451x630.png]
[goldengateinvestments.net/assets/images/sample5-442x540.png]
[goldengateinvestments.net/assets/images/11-494x1024.jpg]
[goldengateinvestments.net/assets/images/12-492x1024.jpg]
[goldengateinvestments.net/assets/images/screenshot-1-428x928.png]
[goldengateinvestments.net/assets/images/screenshot-2-460x923.png]
[goldengateinvestments.net/assets/images/screenshot-7-520x930.png]
[goldengateinvestments.net/assets/images/1-537x480.png]
[goldengateinvestments.net/assets/images/3-537x481.png]
[goldengateinvestments.net/assets/images/4-537x480.png]
[goldengateinvestments.net/assets/images/5-537x481.png]
[goldengateinvestments.net/assets/images/6-537x405.png]
[goldengateinvestments.net/assets/images/7-946x847.png]
[goldengateinvestments.net/assets/images/whatsapp-image-2023-06-20-at-23.07.46-540x446.jpg]
[goldengateinvestments.net/assets/images/whatsapp-image-2023-06-21-at-20.05.12-809x755.jpg]
[goldengateinvestments.net/assets/images/ssreview-947x1024.jpg]
[goldengateinvestments.net/assets/images/trainer12-1036x1459.jpg]
[goldengateinvestments.net/assets/images/gupta2-838x1490.jpeg]
[goldengateinvestments.net/assets/images/pic787-1-838x799.png]
[goldengateinvestments.net/assets/images/327438308-576044141048864-169690402795398926-n-1-838x515.jpg]
[goldengateinvestments.net/assets/images/277322477-334184755215061-4859083032714013282-n-838x443.jpg]
[goldengateinvestments.net/assets/images/272308813-623919192217502-8357136524484634893-n-838x1048.jpeg]
[goldengateinvestments.net/assets/images/262766878-313110900480629-244414521843999170-n-719x719.jpg]
[goldengateinvestments.net/assets/images/262528940-198250619143399-6120379573862977087-n-719x719.jpg]
[goldengateinvestments.net/assets/images/trader33-160x160.png]
[goldengateinvestments.net/assets/images/testimonial3-160x137.png]
[goldengateinvestments.net/assets/images/trader44-160x158.png]
[goldengateinvestments.net/assets/bootstrap/js/bootstrap.bundle.min.js]
[goldengateinvestments.net/assets/smoothscroll/smooth-scroll.js]
[goldengateinvestments.net/assets/ytplayer/index.js]
[goldengateinvestments.net/assets/dropdown/js/navbar-dropdown.js]
[goldengateinvestments.net/assets/embla/embla.min.js]
[goldengateinvestments.net/assets/embla/script.js]
[goldengateinvestments.net/assets/masonry/masonry.pkgd.min.js]
[goldengateinvestments.net/assets/imagesloaded/imagesloaded.pkgd.min.js]
[goldengateinvestments.net/assets/theme/js/script.js]
[goldengateinvestments.net/assets/gallery/player.min.js]
[goldengateinvestments.net/index.html]
[goldengateinvestments.net/assets/gallery/script.js]
[goldengateinvestments.net/assets/web/assets/mobirise-icons2/mobirise21e04.eot]
[goldengateinvestments.net/assets/web/assets/mobirise-icons2/mobirise21e04.ttf]
[goldengateinvestments.net/assets/web/assets/mobirise-icons2/mobirise21e04.woff]
[goldengateinvestments.net/assets/web/assets/mobirise-icons2/mobirise2.css]
[goldengateinvestments.net/assets/bootstrap/css/bootstrap.min.css]
[goldengateinvestments.net/assets/bootstrap/css/bootstrap-grid.min.css]
[goldengateinvestments.net/assets/bootstrap/css/bootstrap-reboot.min.css]
[goldengateinvestments.net/assets/animatecss/animate.css]
[goldengateinvestments.net/assets/dropdown/css/style.css]
[goldengateinvestments.net/assets/web/assets/mobirise-icons2/mobirise21e04.svg]
[goldengateinvestments.net/assets/socicon/fonts/socicon.eot]
[goldengateinvestments.net/assets/socicon/fonts/socicond41d.eot]
[goldengateinvestments.net/assets/socicon/fonts/socicon.woff2]
[goldengateinvestments.net/assets/socicon/fonts/socicon.ttf]
[goldengateinvestments.net/assets/socicon/fonts/socicon.woff]
[goldengateinvestments.net/assets/socicon/css/styles.css]
[goldengateinvestments.net/assets/theme/css/style.css]
[goldengateinvestments.net/assets/gallery/style.css]
[goldengateinvestments.net/assets/mobirise/css/mbr-additional.css]
[www.googletagmanager.com/gtm5445.html]
[goldengateinvestments.net/assets/web/assets/mobirise-icons2/mobirise21e04.svg]
[goldengateinvestments.net/assets/socicon/fonts/socicon.svg]
[goldengateinvestments.net/assets/socicon/fonts/socicon.svg]
